Component: ARM Compiler 5.06 update 6 (build 750) Tool: armlink [4d35ed]

==============================================================================

Section Cross References

    main.o(i.main) refers to delay.o(i.delay_init) for delay_init
    main.o(i.main) refers to delay.o(i.delay_ms) for delay_ms
    main.o(i.main) refers to usart.o(i.Usart1_Init) for Usart1_Init
    main.o(i.main) refers to usart.o(i.Usart2_Init) for Usart2_Init
    main.o(i.main) refers to led.o(i.LED_GPIO_Init) for LED_GPIO_Init
    main.o(i.main) refers to key.o(i.KEY_Init) for KEY_Init
    main.o(i.main) refers to oled.o(i.OLED_Init) for OLED_Init
    main.o(i.main) refers to oled.o(i.OLED_Clear) for OLED_Clear
    main.o(i.main) refers to oled.o(i.OLED_ShowCH) for OLED_ShowCH
    main.o(i.main) refers to usart.o(i.UsartPrintf) for UsartPrintf
    main.o(i.main) refers to main.o(.data) for j
    main.o(i.main) refers to main.o(.conststring) for .conststring
    delay.o(i.delay_init) refers to misc.o(i.SysTick_CLKSourceConfig) for SysTick_CLKSourceConfig
    delay.o(i.delay_init) refers to system_stm32f10x.o(.data) for SystemCoreClock
    delay.o(i.delay_init) refers to delay.o(.data) for fac_us
    delay.o(i.delay_ms) refers to delay.o(.data) for fac_ms
    delay.o(i.delay_us) refers to delay.o(.data) for fac_us
    system_stm32f10x.o(i.SetSysClock) refers to system_stm32f10x.o(i.SetSysClockTo72) for SetSysClockTo72
    system_stm32f10x.o(i.SystemCoreClockUpdate) refers to system_stm32f10x.o(.data) for SystemCoreClock
    system_stm32f10x.o(i.SystemInit) refers to system_stm32f10x.o(i.SetSysClock) for SetSysClock
    usart.o(i.USART1_IRQHandler) refers to stm32f10x_usart.o(i.USART_GetITStatus) for USART_GetITStatus
    usart.o(i.USART1_IRQHandler) refers to stm32f10x_usart.o(i.USART_ReceiveData) for USART_ReceiveData
    usart.o(i.USART1_IRQHandler) refers to stm32f10x_usart.o(i.USART_SendData) for USART_SendData
    usart.o(i.USART1_IRQHandler) refers to stm32f10x_usart.o(i.USART_GetFlagStatus) for USART_GetFlagStatus
    usart.o(i.USART1_IRQHandler) refers to usart.o(.bss) for usart1_rx_buf
    usart.o(i.USART1_IRQHandler) refers to usart.o(.data) for buffdata1
    usart.o(i.USART2_IRQHandler) refers to stm32f10x_usart.o(i.USART_GetITStatus) for USART_GetITStatus
    usart.o(i.USART2_IRQHandler) refers to stm32f10x_usart.o(i.USART_ClearITPendingBit) for USART_ClearITPendingBit
    usart.o(i.USART2_IRQHandler) refers to stm32f10x_usart.o(i.USART_ReceiveData) for USART_ReceiveData
    usart.o(i.USART2_IRQHandler) refers to oled.o(i.OLED_ShowNum) for OLED_ShowNum
    usart.o(i.USART2_IRQHandler) refers to usart.o(.bss) for usart2_rx_buf
    usart.o(i.USART2_IRQHandler) refers to usart.o(.data) for usart2_rx_index
    usart.o(i.USART2_IRQHandler) refers to main.o(.data) for temp
    usart.o(i.USART3_IRQHandler) refers to stm32f10x_usart.o(i.USART_GetITStatus) for USART_GetITStatus
    usart.o(i.USART3_IRQHandler) refers to stm32f10x_usart.o(i.USART_ReceiveData) for USART_ReceiveData
    usart.o(i.USART3_IRQHandler) refers to usart.o(.bss) for usart3_rx_buf
    usart.o(i.Usart1_Init) refers to stm32f10x_rcc.o(i.RCC_APB2PeriphClockCmd) for RCC_APB2PeriphClockCmd
    usart.o(i.Usart1_Init) refers to stm32f10x_gpio.o(i.GPIO_Init) for GPIO_Init
    usart.o(i.Usart1_Init) refers to stm32f10x_usart.o(i.USART_Init) for USART_Init
    usart.o(i.Usart1_Init) refers to stm32f10x_usart.o(i.USART_Cmd) for USART_Cmd
    usart.o(i.Usart1_Init) refers to stm32f10x_usart.o(i.USART_ITConfig) for USART_ITConfig
    usart.o(i.Usart1_Init) refers to misc.o(i.NVIC_Init) for NVIC_Init
    usart.o(i.Usart2_Init) refers to stm32f10x_rcc.o(i.RCC_APB2PeriphClockCmd) for RCC_APB2PeriphClockCmd
    usart.o(i.Usart2_Init) refers to stm32f10x_rcc.o(i.RCC_APB1PeriphClockCmd) for RCC_APB1PeriphClockCmd
    usart.o(i.Usart2_Init) refers to stm32f10x_gpio.o(i.GPIO_Init) for GPIO_Init
    usart.o(i.Usart2_Init) refers to stm32f10x_usart.o(i.USART_Init) for USART_Init
    usart.o(i.Usart2_Init) refers to stm32f10x_usart.o(i.USART_Cmd) for USART_Cmd
    usart.o(i.Usart2_Init) refers to stm32f10x_usart.o(i.USART_ITConfig) for USART_ITConfig
    usart.o(i.Usart2_Init) refers to misc.o(i.NVIC_Init) for NVIC_Init
    usart.o(i.Usart3_Init) refers to stm32f10x_rcc.o(i.RCC_APB2PeriphClockCmd) for RCC_APB2PeriphClockCmd
    usart.o(i.Usart3_Init) refers to stm32f10x_rcc.o(i.RCC_APB1PeriphClockCmd) for RCC_APB1PeriphClockCmd
    usart.o(i.Usart3_Init) refers to stm32f10x_gpio.o(i.GPIO_Init) for GPIO_Init
    usart.o(i.Usart3_Init) refers to stm32f10x_usart.o(i.USART_Init) for USART_Init
    usart.o(i.Usart3_Init) refers to stm32f10x_usart.o(i.USART_Cmd) for USART_Cmd
    usart.o(i.Usart3_Init) refers to stm32f10x_usart.o(i.USART_ITConfig) for USART_ITConfig
    usart.o(i.Usart3_Init) refers to stm32f10x_usart.o(i.USART_ClearFlag) for USART_ClearFlag
    usart.o(i.Usart3_Init) refers to misc.o(i.NVIC_Init) for NVIC_Init
    usart.o(i.UsartPrintf) refers to printfa.o(i.__0vsnprintf) for vsnprintf
    usart.o(i.Usart_SendString) refers to stm32f10x_usart.o(i.USART_SendData) for USART_SendData
    usart.o(i.Usart_SendString) refers to stm32f10x_usart.o(i.USART_GetFlagStatus) for USART_GetFlagStatus
    startup_stm32f10x_md.o(RESET) refers to startup_stm32f10x_md.o(STACK) for __initial_sp
    startup_stm32f10x_md.o(RESET) refers to startup_stm32f10x_md.o(.text) for Reset_Handler
    startup_stm32f10x_md.o(RESET) refers to stm32f10x_it.o(i.NMI_Handler) for NMI_Handler
    startup_stm32f10x_md.o(RESET) refers to stm32f10x_it.o(i.HardFault_Handler) for HardFault_Handler
    startup_stm32f10x_md.o(RESET) refers to stm32f10x_it.o(i.MemManage_Handler) for MemManage_Handler
    startup_stm32f10x_md.o(RESET) refers to stm32f10x_it.o(i.BusFault_Handler) for BusFault_Handler
    startup_stm32f10x_md.o(RESET) refers to stm32f10x_it.o(i.UsageFault_Handler) for UsageFault_Handler
    startup_stm32f10x_md.o(RESET) refers to stm32f10x_it.o(i.SVC_Handler) for SVC_Handler
    startup_stm32f10x_md.o(RESET) refers to stm32f10x_it.o(i.DebugMon_Handler) for DebugMon_Handler
    startup_stm32f10x_md.o(RESET) refers to stm32f10x_it.o(i.PendSV_Handler) for PendSV_Handler
    startup_stm32f10x_md.o(RESET) refers to stm32f10x_it.o(i.SysTick_Handler) for SysTick_Handler
    startup_stm32f10x_md.o(RESET) refers to usart.o(i.USART1_IRQHandler) for USART1_IRQHandler
    startup_stm32f10x_md.o(RESET) refers to usart.o(i.USART2_IRQHandler) for USART2_IRQHandler
    startup_stm32f10x_md.o(RESET) refers to usart.o(i.USART3_IRQHandler) for USART3_IRQHandler
    startup_stm32f10x_md.o(.text) refers to system_stm32f10x.o(i.SystemInit) for SystemInit
    startup_stm32f10x_md.o(.text) refers to entry.o(.ARM.Collect$$$$00000000) for __main
    stm32f10x_gpio.o(i.GPIO_AFIODeInit) refers to stm32f10x_rcc.o(i.RCC_APB2PeriphResetCmd) for RCC_APB2PeriphResetCmd
    stm32f10x_gpio.o(i.GPIO_DeInit) refers to stm32f10x_rcc.o(i.RCC_APB2PeriphResetCmd) for RCC_APB2PeriphResetCmd
    stm32f10x_rcc.o(i.RCC_GetClocksFreq) refers to stm32f10x_rcc.o(.data) for APBAHBPrescTable
    stm32f10x_rcc.o(i.RCC_WaitForHSEStartUp) refers to stm32f10x_rcc.o(i.RCC_GetFlagStatus) for RCC_GetFlagStatus
    stm32f10x_usart.o(i.USART_DeInit) refers to stm32f10x_rcc.o(i.RCC_APB2PeriphResetCmd) for RCC_APB2PeriphResetCmd
    stm32f10x_usart.o(i.USART_DeInit) refers to stm32f10x_rcc.o(i.RCC_APB1PeriphResetCmd) for RCC_APB1PeriphResetCmd
    stm32f10x_usart.o(i.USART_Init) refers to stm32f10x_rcc.o(i.RCC_GetClocksFreq) for RCC_GetClocksFreq
    oled.o(i.GB16_NUM) refers to oled.o(.data) for hz_index
    oled.o(i.IIC_GPIO_Config) refers to stm32f10x_rcc.o(i.RCC_APB2PeriphClockCmd) for RCC_APB2PeriphClockCmd
    oled.o(i.IIC_GPIO_Config) refers to stm32f10x_gpio.o(i.GPIO_Init) for GPIO_Init
    oled.o(i.IIC_GPIO_Config) refers to oled.o(i.IIC_Stop) for IIC_Stop
    oled.o(i.IIC_Start) refers to oled.o(i.IIC_Delay) for IIC_Delay
    oled.o(i.IIC_Stop) refers to oled.o(i.IIC_Delay) for IIC_Delay
    oled.o(i.IIC_WaitAck) refers to oled.o(i.IIC_Delay) for IIC_Delay
    oled.o(i.IIC_WaitAck) refers to stm32f10x_gpio.o(i.GPIO_ReadInputDataBit) for GPIO_ReadInputDataBit
    oled.o(i.OLED_Clear) refers to oled.o(i.OLED_Fill) for OLED_Fill
    oled.o(i.OLED_ClearChar) refers to oled.o(i.OLED_Set_Pos) for OLED_Set_Pos
    oled.o(i.OLED_ClearChar) refers to oled.o(i.Write_IIC_Data) for Write_IIC_Data
    oled.o(i.OLED_ClearChar24) refers to oled.o(i.OLED_Set_Pos) for OLED_Set_Pos
    oled.o(i.OLED_ClearChar24) refers to oled.o(i.Write_IIC_Data) for Write_IIC_Data
    oled.o(i.OLED_DrawBMP) refers to oled.o(i.OLED_Set_Pos) for OLED_Set_Pos
    oled.o(i.OLED_DrawBMP) refers to oled.o(i.Write_IIC_Data) for Write_IIC_Data
    oled.o(i.OLED_Fill) refers to oled.o(i.Write_IIC_Command) for Write_IIC_Command
    oled.o(i.OLED_Fill) refers to oled.o(i.Write_IIC_Data) for Write_IIC_Data
    oled.o(i.OLED_Init) refers to oled.o(i.GB16_NUM) for GB16_NUM
    oled.o(i.OLED_Init) refers to oled.o(i.IIC_GPIO_Config) for IIC_GPIO_Config
    oled.o(i.OLED_Init) refers to oled.o(i.Write_IIC_Command) for Write_IIC_Command
    oled.o(i.OLED_Init) refers to oled.o(.data) for HZ
    oled.o(i.OLED_OFF) refers to oled.o(i.Write_IIC_Command) for Write_IIC_Command
    oled.o(i.OLED_ON) refers to oled.o(i.Write_IIC_Command) for Write_IIC_Command
    oled.o(i.OLED_Set_Pos) refers to oled.o(i.Write_IIC_Command) for Write_IIC_Command
    oled.o(i.OLED_ShowCH) refers to oled.o(i.OLED_Set_Pos) for OLED_Set_Pos
    oled.o(i.OLED_ShowCH) refers to oled.o(i.Write_IIC_Data) for Write_IIC_Data
    oled.o(i.OLED_ShowCH) refers to strchr.o(.text) for strchr
    oled.o(i.OLED_ShowCH) refers to oled.o(.data) for hz_index
    oled.o(i.OLED_ShowChar) refers to oled.o(i.OLED_Set_Pos) for OLED_Set_Pos
    oled.o(i.OLED_ShowChar) refers to oled.o(i.Write_IIC_Data) for Write_IIC_Data
    oled.o(i.OLED_ShowChar) refers to oled.o(.data) for zf
    oled.o(i.OLED_ShowChar24) refers to oled.o(i.OLED_Set_Pos) for OLED_Set_Pos
    oled.o(i.OLED_ShowChar24) refers to oled.o(i.Write_IIC_Data) for Write_IIC_Data
    oled.o(i.OLED_ShowChar24) refers to oled.o(.data) for zf24
    oled.o(i.OLED_ShowNum) refers to oled.o(i.oled_pow) for oled_pow
    oled.o(i.OLED_ShowNum) refers to oled.o(i.OLED_ShowChar) for OLED_ShowChar
    oled.o(i.Write_IIC_Byte) refers to oled.o(i.IIC_Delay) for IIC_Delay
    oled.o(i.Write_IIC_Command) refers to oled.o(i.IIC_Start) for IIC_Start
    oled.o(i.Write_IIC_Command) refers to oled.o(i.Write_IIC_Byte) for Write_IIC_Byte
    oled.o(i.Write_IIC_Command) refers to oled.o(i.IIC_WaitAck) for IIC_WaitAck
    oled.o(i.Write_IIC_Command) refers to oled.o(i.IIC_Stop) for IIC_Stop
    oled.o(i.Write_IIC_Data) refers to oled.o(i.IIC_Start) for IIC_Start
    oled.o(i.Write_IIC_Data) refers to oled.o(i.Write_IIC_Byte) for Write_IIC_Byte
    oled.o(i.Write_IIC_Data) refers to oled.o(i.IIC_WaitAck) for IIC_WaitAck
    oled.o(i.Write_IIC_Data) refers to oled.o(i.IIC_Stop) for IIC_Stop
    oled.o(i.show_bell) refers to oled.o(i.OLED_Set_Pos) for OLED_Set_Pos
    oled.o(i.show_bell) refers to oled.o(i.Write_IIC_Data) for Write_IIC_Data
    oled.o(i.show_bell) refers to oled.o(.data) for zf
    led.o(i.LED_GPIO_Init) refers to stm32f10x_rcc.o(i.RCC_APB2PeriphClockCmd) for RCC_APB2PeriphClockCmd
    led.o(i.LED_GPIO_Init) refers to stm32f10x_gpio.o(i.GPIO_Init) for GPIO_Init
    key.o(i.KEY_Init) refers to stm32f10x_rcc.o(i.RCC_APB2PeriphClockCmd) for RCC_APB2PeriphClockCmd
    key.o(i.KEY_Init) refers to stm32f10x_gpio.o(i.GPIO_Init) for GPIO_Init
    key.o(i.KEY_Scan) refers to stm32f10x_gpio.o(i.GPIO_ReadInputDataBit) for GPIO_ReadInputDataBit
    key.o(i.KEY_Scan) refers to delay.o(i.delay_ms) for delay_ms
    key.o(i.KEY_Scan) refers to key.o(.data) for key_up
    entry.o(.ARM.Collect$$$$00000000) refers (Special) to entry10a.o(.ARM.Collect$$$$0000000D) for __rt_final_cpp
    entry.o(.ARM.Collect$$$$00000000) refers (Special) to entry11a.o(.ARM.Collect$$$$0000000F) for __rt_final_exit
    entry.o(.ARM.Collect$$$$00000000) refers (Special) to entry7b.o(.ARM.Collect$$$$00000008) for _main_clock
    entry.o(.ARM.Collect$$$$00000000) refers (Special) to entry8b.o(.ARM.Collect$$$$0000000A) for _main_cpp_init
    entry.o(.ARM.Collect$$$$00000000) refers (Special) to entry9a.o(.ARM.Collect$$$$0000000B) for _main_init
    entry.o(.ARM.Collect$$$$00000000) refers (Special) to entry5.o(.ARM.Collect$$$$00000004) for _main_scatterload
    entry.o(.ARM.Collect$$$$00000000) refers (Special) to entry2.o(.ARM.Collect$$$$00000001) for _main_stk
    printfa.o(i.__0fprintf) refers (Special) to iusefp.o(.text) for __I$use$fp
    printfa.o(i.__0fprintf) refers to printfa.o(i._printf_core) for _printf_core
    printfa.o(i.__0fprintf) refers to fputc.o(i.fputc) for fputc
    printfa.o(i.__0printf) refers (Special) to iusefp.o(.text) for __I$use$fp
    printfa.o(i.__0printf) refers to printfa.o(i._printf_core) for _printf_core
    printfa.o(i.__0printf) refers to fputc.o(i.fputc) for fputc
    printfa.o(i.__0printf) refers to stdout.o(.data) for __stdout
    printfa.o(i.__0snprintf) refers (Special) to iusefp.o(.text) for __I$use$fp
    printfa.o(i.__0snprintf) refers to printfa.o(i._printf_core) for _printf_core
    printfa.o(i.__0snprintf) refers to printfa.o(i._snputc) for _snputc
    printfa.o(i.__0sprintf) refers (Special) to iusefp.o(.text) for __I$use$fp
    printfa.o(i.__0sprintf) refers to printfa.o(i._printf_core) for _printf_core
    printfa.o(i.__0sprintf) refers to printfa.o(i._sputc) for _sputc
    printfa.o(i.__0vfprintf) refers (Special) to iusefp.o(.text) for __I$use$fp
    printfa.o(i.__0vfprintf) refers to printfa.o(i._printf_core) for _printf_core
    printfa.o(i.__0vfprintf) refers to fputc.o(i.fputc) for fputc
    printfa.o(i.__0vprintf) refers (Special) to iusefp.o(.text) for __I$use$fp
    printfa.o(i.__0vprintf) refers to printfa.o(i._printf_core) for _printf_core
    printfa.o(i.__0vprintf) refers to fputc.o(i.fputc) for fputc
    printfa.o(i.__0vprintf) refers to stdout.o(.data) for __stdout
    printfa.o(i.__0vsnprintf) refers (Special) to iusefp.o(.text) for __I$use$fp
    printfa.o(i.__0vsnprintf) refers to printfa.o(i._printf_core) for _printf_core
    printfa.o(i.__0vsnprintf) refers to printfa.o(i._snputc) for _snputc
    printfa.o(i.__0vsprintf) refers (Special) to iusefp.o(.text) for __I$use$fp
    printfa.o(i.__0vsprintf) refers to printfa.o(i._printf_core) for _printf_core
    printfa.o(i.__0vsprintf) refers to printfa.o(i._sputc) for _sputc
    printfa.o(i._fp_digits) refers (Special) to iusefp.o(.text) for __I$use$fp
    printfa.o(i._fp_digits) refers to dmul.o(.text) for __aeabi_dmul
    printfa.o(i._fp_digits) refers to ddiv.o(.text) for __aeabi_ddiv
    printfa.o(i._fp_digits) refers to cdrcmple.o(.text) for __aeabi_cdrcmple
    printfa.o(i._fp_digits) refers to dadd.o(.text) for __aeabi_dadd
    printfa.o(i._fp_digits) refers to dfixul.o(.text) for __aeabi_d2ulz
    printfa.o(i._fp_digits) refers to uldiv.o(.text) for __aeabi_uldivmod
    printfa.o(i._printf_core) refers (Special) to iusefp.o(.text) for __I$use$fp
    printfa.o(i._printf_core) refers to printfa.o(i._printf_pre_padding) for _printf_pre_padding
    printfa.o(i._printf_core) refers to uldiv.o(.text) for __aeabi_uldivmod
    printfa.o(i._printf_core) refers to printfa.o(i._printf_post_padding) for _printf_post_padding
    printfa.o(i._printf_core) refers to printfa.o(i._fp_digits) for _fp_digits
    printfa.o(i._printf_core) refers to uidiv.o(.text) for __aeabi_uidivmod
    printfa.o(i._printf_post_padding) refers (Special) to iusefp.o(.text) for __I$use$fp
    printfa.o(i._printf_pre_padding) refers (Special) to iusefp.o(.text) for __I$use$fp
    printfa.o(i._snputc) refers (Special) to iusefp.o(.text) for __I$use$fp
    printfa.o(i._sputc) refers (Special) to iusefp.o(.text) for __I$use$fp
    entry2.o(.ARM.Collect$$$$00000001) refers to entry2.o(.ARM.Collect$$$$00002712) for __lit__00000000
    entry2.o(.ARM.Collect$$$$00002712) refers to startup_stm32f10x_md.o(STACK) for __initial_sp
    entry2.o(__vectab_stack_and_reset_area) refers to startup_stm32f10x_md.o(STACK) for __initial_sp
    entry2.o(__vectab_stack_and_reset_area) refers to entry.o(.ARM.Collect$$$$00000000) for __main
    entry5.o(.ARM.Collect$$$$00000004) refers to init.o(.text) for __scatterload
    entry9a.o(.ARM.Collect$$$$0000000B) refers to main.o(i.main) for main
    entry9b.o(.ARM.Collect$$$$0000000C) refers to main.o(i.main) for main
    fputc.o(i.fputc) refers (Special) to iusesemip.o(.text) for __I$use$semihosting$fputc
    fputc.o(i.fputc) refers (Special) to semi.o(.text) for __semihosting_library_function
    uldiv.o(.text) refers to llushr.o(.text) for __aeabi_llsr
    uldiv.o(.text) refers to llshl.o(.text) for __aeabi_llsl
    dadd.o(.text) refers to llshl.o(.text) for __aeabi_llsl
    dadd.o(.text) refers to llsshr.o(.text) for __aeabi_lasr
    dadd.o(.text) refers to depilogue.o(.text) for _double_epilogue
    dmul.o(.text) refers to depilogue.o(.text) for _double_epilogue
    ddiv.o(.text) refers to depilogue.o(.text) for _double_round
    dfixul.o(.text) refers to llushr.o(.text) for __aeabi_llsr
    dfixul.o(.text) refers to llshl.o(.text) for __aeabi_llsl
    init.o(.text) refers to entry5.o(.ARM.Collect$$$$00000004) for __main_after_scatterload
    depilogue.o(.text) refers to llshl.o(.text) for __aeabi_llsl
    depilogue.o(.text) refers to llushr.o(.text) for __aeabi_llsr


==============================================================================

Removing Unused input sections from the image.

    Removing delay.o(i.delay_ms1), (24 bytes).
    Removing delay.o(i.delay_us), (76 bytes).
    Removing system_stm32f10x.o(i.SystemCoreClockUpdate), (164 bytes).
    Removing sys.o(.emb_text), (6 bytes).
    Removing sys.o(i.INTX_DISABLE), (4 bytes).
    Removing sys.o(i.INTX_ENABLE), (4 bytes).
    Removing sys.o(i.WFI_SET), (4 bytes).
    Removing usart.o(i.Usart3_Init), (188 bytes).
    Removing usart.o(i.Usart_SendString), (50 bytes).
    Removing core_cm3.o(.emb_text), (32 bytes).
    Removing startup_stm32f10x_md.o(HEAP), (512 bytes).
    Removing stm32f10x_gpio.o(i.GPIO_AFIODeInit), (20 bytes).
    Removing stm32f10x_gpio.o(i.GPIO_DeInit), (200 bytes).
    Removing stm32f10x_gpio.o(i.GPIO_ETH_MediaInterfaceConfig), (12 bytes).
    Removing stm32f10x_gpio.o(i.GPIO_EXTILineConfig), (64 bytes).
    Removing stm32f10x_gpio.o(i.GPIO_EventOutputCmd), (12 bytes).
    Removing stm32f10x_gpio.o(i.GPIO_EventOutputConfig), (32 bytes).
    Removing stm32f10x_gpio.o(i.GPIO_PinLockConfig), (18 bytes).
    Removing stm32f10x_gpio.o(i.GPIO_PinRemapConfig), (144 bytes).
    Removing stm32f10x_gpio.o(i.GPIO_ReadInputData), (8 bytes).
    Removing stm32f10x_gpio.o(i.GPIO_ReadOutputData), (8 bytes).
    Removing stm32f10x_gpio.o(i.GPIO_ReadOutputDataBit), (18 bytes).
    Removing stm32f10x_gpio.o(i.GPIO_ResetBits), (4 bytes).
    Removing stm32f10x_gpio.o(i.GPIO_SetBits), (4 bytes).
    Removing stm32f10x_gpio.o(i.GPIO_StructInit), (16 bytes).
    Removing stm32f10x_gpio.o(i.GPIO_Write), (4 bytes).
    Removing stm32f10x_gpio.o(i.GPIO_WriteBit), (10 bytes).
    Removing misc.o(i.NVIC_PriorityGroupConfig), (20 bytes).
    Removing misc.o(i.NVIC_SetVectorTable), (20 bytes).
    Removing misc.o(i.NVIC_SystemLPConfig), (32 bytes).
    Removing stm32f10x_rcc.o(i.RCC_ADCCLKConfig), (24 bytes).
    Removing stm32f10x_rcc.o(i.RCC_AHBPeriphClockCmd), (32 bytes).
    Removing stm32f10x_rcc.o(i.RCC_APB1PeriphResetCmd), (32 bytes).
    Removing stm32f10x_rcc.o(i.RCC_APB2PeriphResetCmd), (32 bytes).
    Removing stm32f10x_rcc.o(i.RCC_AdjustHSICalibrationValue), (24 bytes).
    Removing stm32f10x_rcc.o(i.RCC_BackupResetCmd), (12 bytes).
    Removing stm32f10x_rcc.o(i.RCC_ClearFlag), (20 bytes).
    Removing stm32f10x_rcc.o(i.RCC_ClearITPendingBit), (12 bytes).
    Removing stm32f10x_rcc.o(i.RCC_ClockSecuritySystemCmd), (12 bytes).
    Removing stm32f10x_rcc.o(i.RCC_DeInit), (76 bytes).
    Removing stm32f10x_rcc.o(i.RCC_GetFlagStatus), (60 bytes).
    Removing stm32f10x_rcc.o(i.RCC_GetITStatus), (24 bytes).
    Removing stm32f10x_rcc.o(i.RCC_GetSYSCLKSource), (16 bytes).
    Removing stm32f10x_rcc.o(i.RCC_HCLKConfig), (24 bytes).
    Removing stm32f10x_rcc.o(i.RCC_HSEConfig), (76 bytes).
    Removing stm32f10x_rcc.o(i.RCC_HSICmd), (12 bytes).
    Removing stm32f10x_rcc.o(i.RCC_ITConfig), (32 bytes).
    Removing stm32f10x_rcc.o(i.RCC_LSEConfig), (52 bytes).
    Removing stm32f10x_rcc.o(i.RCC_LSICmd), (12 bytes).
    Removing stm32f10x_rcc.o(i.RCC_MCOConfig), (12 bytes).
    Removing stm32f10x_rcc.o(i.RCC_PCLK1Config), (24 bytes).
    Removing stm32f10x_rcc.o(i.RCC_PCLK2Config), (24 bytes).
    Removing stm32f10x_rcc.o(i.RCC_PLLCmd), (12 bytes).
    Removing stm32f10x_rcc.o(i.RCC_PLLConfig), (28 bytes).
    Removing stm32f10x_rcc.o(i.RCC_RTCCLKCmd), (12 bytes).
    Removing stm32f10x_rcc.o(i.RCC_RTCCLKConfig), (16 bytes).
    Removing stm32f10x_rcc.o(i.RCC_SYSCLKConfig), (24 bytes).
    Removing stm32f10x_rcc.o(i.RCC_USBCLKConfig), (12 bytes).
    Removing stm32f10x_rcc.o(i.RCC_WaitForHSEStartUp), (56 bytes).
    Removing stm32f10x_usart.o(i.USART_ClearFlag), (18 bytes).
    Removing stm32f10x_usart.o(i.USART_ClockInit), (34 bytes).
    Removing stm32f10x_usart.o(i.USART_ClockStructInit), (12 bytes).
    Removing stm32f10x_usart.o(i.USART_DMACmd), (18 bytes).
    Removing stm32f10x_usart.o(i.USART_DeInit), (156 bytes).
    Removing stm32f10x_usart.o(i.USART_HalfDuplexCmd), (24 bytes).
    Removing stm32f10x_usart.o(i.USART_IrDACmd), (24 bytes).
    Removing stm32f10x_usart.o(i.USART_IrDAConfig), (18 bytes).
    Removing stm32f10x_usart.o(i.USART_LINBreakDetectLengthConfig), (18 bytes).
    Removing stm32f10x_usart.o(i.USART_LINCmd), (24 bytes).
    Removing stm32f10x_usart.o(i.USART_OneBitMethodCmd), (24 bytes).
    Removing stm32f10x_usart.o(i.USART_OverSampling8Cmd), (22 bytes).
    Removing stm32f10x_usart.o(i.USART_ReceiverWakeUpCmd), (24 bytes).
    Removing stm32f10x_usart.o(i.USART_SendBreak), (10 bytes).
    Removing stm32f10x_usart.o(i.USART_SetAddress), (18 bytes).
    Removing stm32f10x_usart.o(i.USART_SetGuardTime), (16 bytes).
    Removing stm32f10x_usart.o(i.USART_SetPrescaler), (16 bytes).
    Removing stm32f10x_usart.o(i.USART_SmartCardCmd), (24 bytes).
    Removing stm32f10x_usart.o(i.USART_SmartCardNACKCmd), (24 bytes).
    Removing stm32f10x_usart.o(i.USART_StructInit), (24 bytes).
    Removing stm32f10x_usart.o(i.USART_WakeUpConfig), (18 bytes).
    Removing oled.o(i.OLED_ClearChar), (64 bytes).
    Removing oled.o(i.OLED_ClearChar24), (92 bytes).
    Removing oled.o(i.OLED_DrawBMP), (118 bytes).
    Removing oled.o(i.OLED_OFF), (22 bytes).
    Removing oled.o(i.OLED_ON), (22 bytes).
    Removing oled.o(i.OLED_ShowChar24), (156 bytes).
    Removing oled.o(i.show_bell), (156 bytes).
    Removing key.o(i.KEY_Scan), (212 bytes).
    Removing key.o(.data), (1 bytes).

89 unused section(s) (total 3923 bytes) removed from the image.

==============================================================================

Image Symbol Table

    Local Symbols

    Symbol Name                              Value     Ov Type        Size  Object(Section)

    ../clib/../cmprslib/zerorunl2.c          0x00000000   Number         0  __dczerorl2.o ABSOLUTE
    ../clib/microlib/division.c              0x00000000   Number         0  uldiv.o ABSOLUTE
    ../clib/microlib/division.c              0x00000000   Number         0  uidiv.o ABSOLUTE
    ../clib/microlib/init/entry.s            0x00000000   Number         0  entry2.o ABSOLUTE
    ../clib/microlib/init/entry.s            0x00000000   Number         0  entry8b.o ABSOLUTE
    ../clib/microlib/init/entry.s            0x00000000   Number         0  entry5.o ABSOLUTE
    ../clib/microlib/init/entry.s            0x00000000   Number         0  entry7a.o ABSOLUTE
    ../clib/microlib/init/entry.s            0x00000000   Number         0  entry.o ABSOLUTE
    ../clib/microlib/init/entry.s            0x00000000   Number         0  entry7b.o ABSOLUTE
    ../clib/microlib/init/entry.s            0x00000000   Number         0  entry8a.o ABSOLUTE
    ../clib/microlib/init/entry.s            0x00000000   Number         0  entry9a.o ABSOLUTE
    ../clib/microlib/init/entry.s            0x00000000   Number         0  entry9b.o ABSOLUTE
    ../clib/microlib/init/entry.s            0x00000000   Number         0  entry10a.o ABSOLUTE
    ../clib/microlib/init/entry.s            0x00000000   Number         0  entry10b.o ABSOLUTE
    ../clib/microlib/init/entry.s            0x00000000   Number         0  entry11a.o ABSOLUTE
    ../clib/microlib/init/entry.s            0x00000000   Number         0  entry11b.o ABSOLUTE
    ../clib/microlib/longlong.c              0x00000000   Number         0  llsshr.o ABSOLUTE
    ../clib/microlib/longlong.c              0x00000000   Number         0  llushr.o ABSOLUTE
    ../clib/microlib/longlong.c              0x00000000   Number         0  llshl.o ABSOLUTE
    ../clib/microlib/printf/printf.c         0x00000000   Number         0  printfa.o ABSOLUTE
    ../clib/microlib/stdio/fputc.c           0x00000000   Number         0  fputc.o ABSOLUTE
    ../clib/microlib/stdio/semi.s            0x00000000   Number         0  semi.o ABSOLUTE
    ../clib/microlib/stdio/streams.c         0x00000000   Number         0  stdout.o ABSOLUTE
    ../clib/microlib/string/strchr.c         0x00000000   Number         0  strchr.o ABSOLUTE
    ../clib/microlib/stubs.s                 0x00000000   Number         0  iusefp.o ABSOLUTE
    ../clib/microlib/stubs.s                 0x00000000   Number         0  iusesemip.o ABSOLUTE
    ../fplib/microlib/fpadd.c                0x00000000   Number         0  dadd.o ABSOLUTE
    ../fplib/microlib/fpdiv.c                0x00000000   Number         0  ddiv.o ABSOLUTE
    ../fplib/microlib/fpepilogue.c           0x00000000   Number         0  depilogue.o ABSOLUTE
    ../fplib/microlib/fpfix.c                0x00000000   Number         0  dfixul.o ABSOLUTE
    ../fplib/microlib/fpmul.c                0x00000000   Number         0  dmul.o ABSOLUTE
    ..\CORE\STARTUP\startup_stm32f10x_md.s   0x00000000   Number         0  startup_stm32f10x_md.o ABSOLUTE
    ..\CORE\core_cm3.c                       0x00000000   Number         0  core_cm3.o ABSOLUTE
    ..\HARDWARE\KEY\key.c                    0x00000000   Number         0  key.o ABSOLUTE
    ..\HARDWARE\LED\LED.c                    0x00000000   Number         0  led.o ABSOLUTE
    ..\HARDWARE\OLED\oled.c                  0x00000000   Number         0  oled.o ABSOLUTE
    ..\STM32F10x_FWLib\src\misc.c            0x00000000   Number         0  misc.o ABSOLUTE
    ..\STM32F10x_FWLib\src\stm32f10x_gpio.c  0x00000000   Number         0  stm32f10x_gpio.o ABSOLUTE
    ..\STM32F10x_FWLib\src\stm32f10x_rcc.c   0x00000000   Number         0  stm32f10x_rcc.o ABSOLUTE
    ..\STM32F10x_FWLib\src\stm32f10x_usart.c 0x00000000   Number         0  stm32f10x_usart.o ABSOLUTE
    ..\SYSTEM\delay\delay.c                  0x00000000   Number         0  delay.o ABSOLUTE
    ..\SYSTEM\sys\sys.c                      0x00000000   Number         0  sys.o ABSOLUTE
    ..\SYSTEM\usart\usart.c                  0x00000000   Number         0  usart.o ABSOLUTE
    ..\\CORE\\core_cm3.c                     0x00000000   Number         0  core_cm3.o ABSOLUTE
    ..\\SYSTEM\\sys\\sys.c                   0x00000000   Number         0  sys.o ABSOLUTE
    cdrcmple.s                               0x00000000   Number         0  cdrcmple.o ABSOLUTE
    dc.s                                     0x00000000   Number         0  dc.o ABSOLUTE
    handlers.s                               0x00000000   Number         0  handlers.o ABSOLUTE
    init.s                                   0x00000000   Number         0  init.o ABSOLUTE
    main.c                                   0x00000000   Number         0  main.o ABSOLUTE
    stm32f10x_it.c                           0x00000000   Number         0  stm32f10x_it.o ABSOLUTE
    system_stm32f10x.c                       0x00000000   Number         0  system_stm32f10x.o ABSOLUTE
    RESET                                    0x08000000   Section      236  startup_stm32f10x_md.o(RESET)
    .ARM.Collect$$$$00000000                 0x080000ec   Section        0  entry.o(.ARM.Collect$$$$00000000)
    .ARM.Collect$$$$00000001                 0x080000ec   Section        4  entry2.o(.ARM.Collect$$$$00000001)
    .ARM.Collect$$$$00000004                 0x080000f0   Section        4  entry5.o(.ARM.Collect$$$$00000004)
    .ARM.Collect$$$$00000008                 0x080000f4   Section        0  entry7b.o(.ARM.Collect$$$$00000008)
    .ARM.Collect$$$$0000000A                 0x080000f4   Section        0  entry8b.o(.ARM.Collect$$$$0000000A)
    .ARM.Collect$$$$0000000B                 0x080000f4   Section        8  entry9a.o(.ARM.Collect$$$$0000000B)
    .ARM.Collect$$$$0000000D                 0x080000fc   Section        0  entry10a.o(.ARM.Collect$$$$0000000D)
    .ARM.Collect$$$$0000000F                 0x080000fc   Section        0  entry11a.o(.ARM.Collect$$$$0000000F)
    .ARM.Collect$$$$00002712                 0x080000fc   Section        4  entry2.o(.ARM.Collect$$$$00002712)
    __lit__00000000                          0x080000fc   Data           4  entry2.o(.ARM.Collect$$$$00002712)
    .text                                    0x08000100   Section       36  startup_stm32f10x_md.o(.text)
    .text                                    0x08000124   Section        0  strchr.o(.text)
    .text                                    0x08000138   Section        0  uidiv.o(.text)
    .text                                    0x08000164   Section        0  uldiv.o(.text)
    .text                                    0x080001c6   Section        0  dadd.o(.text)
    .text                                    0x080001c6   Section        0  iusefp.o(.text)
    .text                                    0x08000314   Section        0  dmul.o(.text)
    .text                                    0x080003f8   Section        0  ddiv.o(.text)
    .text                                    0x080004d6   Section        0  dfixul.o(.text)
    .text                                    0x08000508   Section       48  cdrcmple.o(.text)
    .text                                    0x08000538   Section       36  init.o(.text)
    .text                                    0x0800055c   Section        0  llshl.o(.text)
    .text                                    0x0800057a   Section        0  llushr.o(.text)
    .text                                    0x0800059a   Section        0  llsshr.o(.text)
    .text                                    0x080005be   Section        0  depilogue.o(.text)
    .text                                    0x08000678   Section        0  __dczerorl2.o(.text)
    i.BusFault_Handler                       0x080006ce   Section        0  stm32f10x_it.o(i.BusFault_Handler)
    i.DebugMon_Handler                       0x080006d2   Section        0  stm32f10x_it.o(i.DebugMon_Handler)
    i.GB16_NUM                               0x080006d4   Section        0  oled.o(i.GB16_NUM)
    i.GPIO_Init                              0x080006ec   Section        0  stm32f10x_gpio.o(i.GPIO_Init)
    i.GPIO_ReadInputDataBit                  0x08000802   Section        0  stm32f10x_gpio.o(i.GPIO_ReadInputDataBit)
    i.HardFault_Handler                      0x08000814   Section        0  stm32f10x_it.o(i.HardFault_Handler)
    i.IIC_Delay                              0x08000818   Section        0  oled.o(i.IIC_Delay)
    IIC_Delay                                0x08000819   Thumb Code    14  oled.o(i.IIC_Delay)
    i.IIC_GPIO_Config                        0x08000828   Section        0  oled.o(i.IIC_GPIO_Config)
    i.IIC_Start                              0x08000868   Section        0  oled.o(i.IIC_Start)
    i.IIC_Stop                               0x0800089c   Section        0  oled.o(i.IIC_Stop)
    i.IIC_WaitAck                            0x080008c0   Section        0  oled.o(i.IIC_WaitAck)
    i.KEY_Init                               0x08000908   Section        0  key.o(i.KEY_Init)
    i.LED_GPIO_Init                          0x08000930   Section        0  led.o(i.LED_GPIO_Init)
    i.MemManage_Handler                      0x0800098c   Section        0  stm32f10x_it.o(i.MemManage_Handler)
    i.NMI_Handler                            0x08000990   Section        0  stm32f10x_it.o(i.NMI_Handler)
    i.NVIC_Init                              0x08000994   Section        0  misc.o(i.NVIC_Init)
    i.OLED_Clear                             0x08000a04   Section        0  oled.o(i.OLED_Clear)
    i.OLED_Fill                              0x08000a0e   Section        0  oled.o(i.OLED_Fill)
    i.OLED_Init                              0x08000a48   Section        0  oled.o(i.OLED_Init)
    i.OLED_Set_Pos                           0x08000b00   Section        0  oled.o(i.OLED_Set_Pos)
    i.OLED_ShowCH                            0x08000b30   Section        0  oled.o(i.OLED_ShowCH)
    i.OLED_ShowChar                          0x08000c60   Section        0  oled.o(i.OLED_ShowChar)
    i.OLED_ShowNum                           0x08000ccc   Section        0  oled.o(i.OLED_ShowNum)
    i.PendSV_Handler                         0x08000d5c   Section        0  stm32f10x_it.o(i.PendSV_Handler)
    i.RCC_APB1PeriphClockCmd                 0x08000d60   Section        0  stm32f10x_rcc.o(i.RCC_APB1PeriphClockCmd)
    i.RCC_APB2PeriphClockCmd                 0x08000d80   Section        0  stm32f10x_rcc.o(i.RCC_APB2PeriphClockCmd)
    i.RCC_GetClocksFreq                      0x08000da0   Section        0  stm32f10x_rcc.o(i.RCC_GetClocksFreq)
    i.SVC_Handler                            0x08000e74   Section        0  stm32f10x_it.o(i.SVC_Handler)
    i.SetSysClock                            0x08000e76   Section        0  system_stm32f10x.o(i.SetSysClock)
    SetSysClock                              0x08000e77   Thumb Code     8  system_stm32f10x.o(i.SetSysClock)
    i.SetSysClockTo72                        0x08000e80   Section        0  system_stm32f10x.o(i.SetSysClockTo72)
    SetSysClockTo72                          0x08000e81   Thumb Code   214  system_stm32f10x.o(i.SetSysClockTo72)
    i.SysTick_CLKSourceConfig                0x08000f60   Section        0  misc.o(i.SysTick_CLKSourceConfig)
    i.SysTick_Handler                        0x08000f88   Section        0  stm32f10x_it.o(i.SysTick_Handler)
    i.SystemInit                             0x08000f8c   Section        0  system_stm32f10x.o(i.SystemInit)
    i.USART1_IRQHandler                      0x08000fec   Section        0  usart.o(i.USART1_IRQHandler)
    i.USART2_IRQHandler                      0x080011b4   Section        0  usart.o(i.USART2_IRQHandler)
    i.USART3_IRQHandler                      0x080012e8   Section        0  usart.o(i.USART3_IRQHandler)
    i.USART_ClearITPendingBit                0x08001354   Section        0  stm32f10x_usart.o(i.USART_ClearITPendingBit)
    i.USART_Cmd                              0x08001372   Section        0  stm32f10x_usart.o(i.USART_Cmd)
    i.USART_GetFlagStatus                    0x0800138a   Section        0  stm32f10x_usart.o(i.USART_GetFlagStatus)
    i.USART_GetITStatus                      0x080013a4   Section        0  stm32f10x_usart.o(i.USART_GetITStatus)
    i.USART_ITConfig                         0x080013f8   Section        0  stm32f10x_usart.o(i.USART_ITConfig)
    i.USART_Init                             0x08001444   Section        0  stm32f10x_usart.o(i.USART_Init)
    i.USART_ReceiveData                      0x0800151c   Section        0  stm32f10x_usart.o(i.USART_ReceiveData)
    i.USART_SendData                         0x08001526   Section        0  stm32f10x_usart.o(i.USART_SendData)
    i.UsageFault_Handler                     0x0800152e   Section        0  stm32f10x_it.o(i.UsageFault_Handler)
    i.Usart1_Init                            0x08001534   Section        0  usart.o(i.Usart1_Init)
    i.Usart2_Init                            0x080015e4   Section        0  usart.o(i.Usart2_Init)
    i.UsartPrintf                            0x08001690   Section        0  usart.o(i.UsartPrintf)
    i.Write_IIC_Byte                         0x080016d8   Section        0  oled.o(i.Write_IIC_Byte)
    i.Write_IIC_Command                      0x08001730   Section        0  oled.o(i.Write_IIC_Command)
    i.Write_IIC_Data                         0x0800175c   Section        0  oled.o(i.Write_IIC_Data)
    i.__0vsnprintf                           0x08001788   Section        0  printfa.o(i.__0vsnprintf)
    i.__scatterload_copy                     0x080017b4   Section       14  handlers.o(i.__scatterload_copy)
    i.__scatterload_null                     0x080017c2   Section        2  handlers.o(i.__scatterload_null)
    i.__scatterload_zeroinit                 0x080017c4   Section       14  handlers.o(i.__scatterload_zeroinit)
    i._fp_digits                             0x080017d4   Section        0  printfa.o(i._fp_digits)
    _fp_digits                               0x080017d5   Thumb Code   366  printfa.o(i._fp_digits)
    i._printf_core                           0x08001958   Section        0  printfa.o(i._printf_core)
    _printf_core                             0x08001959   Thumb Code  1744  printfa.o(i._printf_core)
    i._printf_post_padding                   0x08002034   Section        0  printfa.o(i._printf_post_padding)
    _printf_post_padding                     0x08002035   Thumb Code    36  printfa.o(i._printf_post_padding)
    i._printf_pre_padding                    0x08002058   Section        0  printfa.o(i._printf_pre_padding)
    _printf_pre_padding                      0x08002059   Thumb Code    46  printfa.o(i._printf_pre_padding)
    i._snputc                                0x08002086   Section        0  printfa.o(i._snputc)
    _snputc                                  0x08002087   Thumb Code    22  printfa.o(i._snputc)
    i.delay_init                             0x0800209c   Section        0  delay.o(i.delay_init)
    i.delay_ms                               0x080020e0   Section        0  delay.o(i.delay_ms)
    i.main                                   0x0800212c   Section        0  main.o(i.main)
    i.oled_pow                               0x080021f8   Section        0  oled.o(i.oled_pow)
    .conststring                             0x08002210   Section       76  main.o(.conststring)
    .data                                    0x20000000   Section        6  main.o(.data)
    .data                                    0x20000006   Section        4  delay.o(.data)
    fac_us                                   0x20000006   Data           1  delay.o(.data)
    fac_ms                                   0x20000008   Data           2  delay.o(.data)
    .data                                    0x2000000c   Section       20  system_stm32f10x.o(.data)
    .data                                    0x20000020   Section       52  usart.o(.data)
    .data                                    0x20000054   Section       20  stm32f10x_rcc.o(.data)
    APBAHBPrescTable                         0x20000054   Data          16  stm32f10x_rcc.o(.data)
    ADCPrescTable                            0x20000064   Data           4  stm32f10x_rcc.o(.data)
    .data                                    0x20000068   Section     2764  oled.o(.data)
    .bss                                     0x20000b34   Section      384  usart.o(.bss)
    STACK                                    0x20000cb8   Section     1024  startup_stm32f10x_md.o(STACK)

    Global Symbols

    Symbol Name                              Value     Ov Type        Size  Object(Section)

    BuildAttributes$$THM_ISAv4$P$D$K$B$S$PE$A:L22UL41UL21$X:L11$S22US41US21$IEEE1$IW$USESV6$~STKCKD$USESV7$~SHL$OSPACE$ROPI$EBA8$MICROLIB$REQ8$PRES8$EABIv2 0x00000000   Number         0  anon$$obj.o ABSOLUTE
    __ARM_use_no_argv                        0x00000000   Number         0  main.o ABSOLUTE
    __cpp_initialize__aeabi_                  - Undefined Weak Reference
    __cxa_finalize                            - Undefined Weak Reference
    _clock_init                               - Undefined Weak Reference
    _microlib_exit                            - Undefined Weak Reference
    __Vectors_Size                           0x000000ec   Number         0  startup_stm32f10x_md.o ABSOLUTE
    __Vectors                                0x08000000   Data           4  startup_stm32f10x_md.o(RESET)
    __Vectors_End                            0x080000ec   Data           0  startup_stm32f10x_md.o(RESET)
    __main                                   0x080000ed   Thumb Code     0  entry.o(.ARM.Collect$$$$00000000)
    _main_stk                                0x080000ed   Thumb Code     0  entry2.o(.ARM.Collect$$$$00000001)
    _main_scatterload                        0x080000f1   Thumb Code     0  entry5.o(.ARM.Collect$$$$00000004)
    __main_after_scatterload                 0x080000f5   Thumb Code     0  entry5.o(.ARM.Collect$$$$00000004)
    _main_clock                              0x080000f5   Thumb Code     0  entry7b.o(.ARM.Collect$$$$00000008)
    _main_cpp_init                           0x080000f5   Thumb Code     0  entry8b.o(.ARM.Collect$$$$0000000A)
    _main_init                               0x080000f5   Thumb Code     0  entry9a.o(.ARM.Collect$$$$0000000B)
    __rt_final_cpp                           0x080000fd   Thumb Code     0  entry10a.o(.ARM.Collect$$$$0000000D)
    __rt_final_exit                          0x080000fd   Thumb Code     0  entry11a.o(.ARM.Collect$$$$0000000F)
    Reset_Handler                            0x08000101   Thumb Code     8  startup_stm32f10x_md.o(.text)
    ADC1_2_IRQHandler                        0x0800011b   Thumb Code     0  startup_stm32f10x_md.o(.text)
    CAN1_RX1_IRQHandler                      0x0800011b   Thumb Code     0  startup_stm32f10x_md.o(.text)
    CAN1_SCE_IRQHandler                      0x0800011b   Thumb Code     0  startup_stm32f10x_md.o(.text)
    DMA1_Channel1_IRQHandler                 0x0800011b   Thumb Code     0  startup_stm32f10x_md.o(.text)
    DMA1_Channel2_IRQHandler                 0x0800011b   Thumb Code     0  startup_stm32f10x_md.o(.text)
    DMA1_Channel3_IRQHandler                 0x0800011b   Thumb Code     0  startup_stm32f10x_md.o(.text)
    DMA1_Channel4_IRQHandler                 0x0800011b   Thumb Code     0  startup_stm32f10x_md.o(.text)
    DMA1_Channel5_IRQHandler                 0x0800011b   Thumb Code     0  startup_stm32f10x_md.o(.text)
    DMA1_Channel6_IRQHandler                 0x0800011b   Thumb Code     0  startup_stm32f10x_md.o(.text)
    DMA1_Channel7_IRQHandler                 0x0800011b   Thumb Code     0  startup_stm32f10x_md.o(.text)
    EXTI0_IRQHandler                         0x0800011b   Thumb Code     0  startup_stm32f10x_md.o(.text)
    EXTI15_10_IRQHandler                     0x0800011b   Thumb Code     0  startup_stm32f10x_md.o(.text)
    EXTI1_IRQHandler                         0x0800011b   Thumb Code     0  startup_stm32f10x_md.o(.text)
    EXTI2_IRQHandler                         0x0800011b   Thumb Code     0  startup_stm32f10x_md.o(.text)
    EXTI3_IRQHandler                         0x0800011b   Thumb Code     0  startup_stm32f10x_md.o(.text)
    EXTI4_IRQHandler                         0x0800011b   Thumb Code     0  startup_stm32f10x_md.o(.text)
    EXTI9_5_IRQHandler                       0x0800011b   Thumb Code     0  startup_stm32f10x_md.o(.text)
    FLASH_IRQHandler                         0x0800011b   Thumb Code     0  startup_stm32f10x_md.o(.text)
    I2C1_ER_IRQHandler                       0x0800011b   Thumb Code     0  startup_stm32f10x_md.o(.text)
    I2C1_EV_IRQHandler                       0x0800011b   Thumb Code     0  startup_stm32f10x_md.o(.text)
    I2C2_ER_IRQHandler                       0x0800011b   Thumb Code     0  startup_stm32f10x_md.o(.text)
    I2C2_EV_IRQHandler                       0x0800011b   Thumb Code     0  startup_stm32f10x_md.o(.text)
    PVD_IRQHandler                           0x0800011b   Thumb Code     0  startup_stm32f10x_md.o(.text)
    RCC_IRQHandler                           0x0800011b   Thumb Code     0  startup_stm32f10x_md.o(.text)
    RTCAlarm_IRQHandler                      0x0800011b   Thumb Code     0  startup_stm32f10x_md.o(.text)
    RTC_IRQHandler                           0x0800011b   Thumb Code     0  startup_stm32f10x_md.o(.text)
    SPI1_IRQHandler                          0x0800011b   Thumb Code     0  startup_stm32f10x_md.o(.text)
    SPI2_IRQHandler                          0x0800011b   Thumb Code     0  startup_stm32f10x_md.o(.text)
    TAMPER_IRQHandler                        0x0800011b   Thumb Code     0  startup_stm32f10x_md.o(.text)
    TIM1_BRK_IRQHandler                      0x0800011b   Thumb Code     0  startup_stm32f10x_md.o(.text)
    TIM1_CC_IRQHandler                       0x0800011b   Thumb Code     0  startup_stm32f10x_md.o(.text)
    TIM1_TRG_COM_IRQHandler                  0x0800011b   Thumb Code     0  startup_stm32f10x_md.o(.text)
    TIM1_UP_IRQHandler                       0x0800011b   Thumb Code     0  startup_stm32f10x_md.o(.text)
    TIM2_IRQHandler                          0x0800011b   Thumb Code     0  startup_stm32f10x_md.o(.text)
    TIM3_IRQHandler                          0x0800011b   Thumb Code     0  startup_stm32f10x_md.o(.text)
    TIM4_IRQHandler                          0x0800011b   Thumb Code     0  startup_stm32f10x_md.o(.text)
    USBWakeUp_IRQHandler                     0x0800011b   Thumb Code     0  startup_stm32f10x_md.o(.text)
    USB_HP_CAN1_TX_IRQHandler                0x0800011b   Thumb Code     0  startup_stm32f10x_md.o(.text)
    USB_LP_CAN1_RX0_IRQHandler               0x0800011b   Thumb Code     0  startup_stm32f10x_md.o(.text)
    WWDG_IRQHandler                          0x0800011b   Thumb Code     0  startup_stm32f10x_md.o(.text)
    strchr                                   0x08000125   Thumb Code    20  strchr.o(.text)
    __aeabi_uidiv                            0x08000139   Thumb Code     0  uidiv.o(.text)
    __aeabi_uidivmod                         0x08000139   Thumb Code    44  uidiv.o(.text)
    __aeabi_uldivmod                         0x08000165   Thumb Code    98  uldiv.o(.text)
    __I$use$fp                               0x080001c7   Thumb Code     0  iusefp.o(.text)
    __aeabi_dadd                             0x080001c7   Thumb Code   322  dadd.o(.text)
    __aeabi_dsub                             0x08000309   Thumb Code     6  dadd.o(.text)
    __aeabi_drsub                            0x0800030f   Thumb Code     6  dadd.o(.text)
    __aeabi_dmul                             0x08000315   Thumb Code   228  dmul.o(.text)
    __aeabi_ddiv                             0x080003f9   Thumb Code   222  ddiv.o(.text)
    __aeabi_d2ulz                            0x080004d7   Thumb Code    48  dfixul.o(.text)
    __aeabi_cdrcmple                         0x08000509   Thumb Code    48  cdrcmple.o(.text)
    __scatterload                            0x08000539   Thumb Code    28  init.o(.text)
    __scatterload_rt2                        0x08000539   Thumb Code     0  init.o(.text)
    __aeabi_llsl                             0x0800055d   Thumb Code    30  llshl.o(.text)
    _ll_shift_l                              0x0800055d   Thumb Code     0  llshl.o(.text)
    __aeabi_llsr                             0x0800057b   Thumb Code    32  llushr.o(.text)
    _ll_ushift_r                             0x0800057b   Thumb Code     0  llushr.o(.text)
    __aeabi_lasr                             0x0800059b   Thumb Code    36  llsshr.o(.text)
    _ll_sshift_r                             0x0800059b   Thumb Code     0  llsshr.o(.text)
    _double_round                            0x080005bf   Thumb Code    30  depilogue.o(.text)
    _double_epilogue                         0x080005dd   Thumb Code   156  depilogue.o(.text)
    __decompress                             0x08000679   Thumb Code     0  __dczerorl2.o(.text)
    __decompress1                            0x08000679   Thumb Code    86  __dczerorl2.o(.text)
    BusFault_Handler                         0x080006cf   Thumb Code     4  stm32f10x_it.o(i.BusFault_Handler)
    DebugMon_Handler                         0x080006d3   Thumb Code     2  stm32f10x_it.o(i.DebugMon_Handler)
    GB16_NUM                                 0x080006d5   Thumb Code    18  oled.o(i.GB16_NUM)
    GPIO_Init                                0x080006ed   Thumb Code   278  stm32f10x_gpio.o(i.GPIO_Init)
    GPIO_ReadInputDataBit                    0x08000803   Thumb Code    18  stm32f10x_gpio.o(i.GPIO_ReadInputDataBit)
    HardFault_Handler                        0x08000815   Thumb Code     4  stm32f10x_it.o(i.HardFault_Handler)
    IIC_GPIO_Config                          0x08000829   Thumb Code    60  oled.o(i.IIC_GPIO_Config)
    IIC_Start                                0x08000869   Thumb Code    42  oled.o(i.IIC_Start)
    IIC_Stop                                 0x0800089d   Thumb Code    28  oled.o(i.IIC_Stop)
    IIC_WaitAck                              0x080008c1   Thumb Code    58  oled.o(i.IIC_WaitAck)
    KEY_Init                                 0x08000909   Thumb Code    34  key.o(i.KEY_Init)
    LED_GPIO_Init                            0x08000931   Thumb Code    80  led.o(i.LED_GPIO_Init)
    MemManage_Handler                        0x0800098d   Thumb Code     4  stm32f10x_it.o(i.MemManage_Handler)
    NMI_Handler                              0x08000991   Thumb Code     2  stm32f10x_it.o(i.NMI_Handler)
    NVIC_Init                                0x08000995   Thumb Code   100  misc.o(i.NVIC_Init)
    OLED_Clear                               0x08000a05   Thumb Code    10  oled.o(i.OLED_Clear)
    OLED_Fill                                0x08000a0f   Thumb Code    58  oled.o(i.OLED_Fill)
    OLED_Init                                0x08000a49   Thumb Code   178  oled.o(i.OLED_Init)
    OLED_Set_Pos                             0x08000b01   Thumb Code    46  oled.o(i.OLED_Set_Pos)
    OLED_ShowCH                              0x08000b31   Thumb Code   284  oled.o(i.OLED_ShowCH)
    OLED_ShowChar                            0x08000c61   Thumb Code   102  oled.o(i.OLED_ShowChar)
    OLED_ShowNum                             0x08000ccd   Thumb Code   144  oled.o(i.OLED_ShowNum)
    PendSV_Handler                           0x08000d5d   Thumb Code     2  stm32f10x_it.o(i.PendSV_Handler)
    RCC_APB1PeriphClockCmd                   0x08000d61   Thumb Code    26  stm32f10x_rcc.o(i.RCC_APB1PeriphClockCmd)
    RCC_APB2PeriphClockCmd                   0x08000d81   Thumb Code    26  stm32f10x_rcc.o(i.RCC_APB2PeriphClockCmd)
    RCC_GetClocksFreq                        0x08000da1   Thumb Code   192  stm32f10x_rcc.o(i.RCC_GetClocksFreq)
    SVC_Handler                              0x08000e75   Thumb Code     2  stm32f10x_it.o(i.SVC_Handler)
    SysTick_CLKSourceConfig                  0x08000f61   Thumb Code    40  misc.o(i.SysTick_CLKSourceConfig)
    SysTick_Handler                          0x08000f89   Thumb Code     2  stm32f10x_it.o(i.SysTick_Handler)
    SystemInit                               0x08000f8d   Thumb Code    78  system_stm32f10x.o(i.SystemInit)
    USART1_IRQHandler                        0x08000fed   Thumb Code   414  usart.o(i.USART1_IRQHandler)
    USART2_IRQHandler                        0x080011b5   Thumb Code   280  usart.o(i.USART2_IRQHandler)
    USART3_IRQHandler                        0x080012e9   Thumb Code    98  usart.o(i.USART3_IRQHandler)
    USART_ClearITPendingBit                  0x08001355   Thumb Code    30  stm32f10x_usart.o(i.USART_ClearITPendingBit)
    USART_Cmd                                0x08001373   Thumb Code    24  stm32f10x_usart.o(i.USART_Cmd)
    USART_GetFlagStatus                      0x0800138b   Thumb Code    26  stm32f10x_usart.o(i.USART_GetFlagStatus)
    USART_GetITStatus                        0x080013a5   Thumb Code    84  stm32f10x_usart.o(i.USART_GetITStatus)
    USART_ITConfig                           0x080013f9   Thumb Code    74  stm32f10x_usart.o(i.USART_ITConfig)
    USART_Init                               0x08001445   Thumb Code   210  stm32f10x_usart.o(i.USART_Init)
    USART_ReceiveData                        0x0800151d   Thumb Code    10  stm32f10x_usart.o(i.USART_ReceiveData)
    USART_SendData                           0x08001527   Thumb Code     8  stm32f10x_usart.o(i.USART_SendData)
    UsageFault_Handler                       0x0800152f   Thumb Code     4  stm32f10x_it.o(i.UsageFault_Handler)
    Usart1_Init                              0x08001535   Thumb Code   166  usart.o(i.Usart1_Init)
    Usart2_Init                              0x080015e5   Thumb Code   162  usart.o(i.Usart2_Init)
    UsartPrintf                              0x08001691   Thumb Code    70  usart.o(i.UsartPrintf)
    Write_IIC_Byte                           0x080016d9   Thumb Code    80  oled.o(i.Write_IIC_Byte)
    Write_IIC_Command                        0x08001731   Thumb Code    44  oled.o(i.Write_IIC_Command)
    Write_IIC_Data                           0x0800175d   Thumb Code    44  oled.o(i.Write_IIC_Data)
    __0vsnprintf                             0x08001789   Thumb Code    40  printfa.o(i.__0vsnprintf)
    __1vsnprintf                             0x08001789   Thumb Code     0  printfa.o(i.__0vsnprintf)
    __2vsnprintf                             0x08001789   Thumb Code     0  printfa.o(i.__0vsnprintf)
    __c89vsnprintf                           0x08001789   Thumb Code     0  printfa.o(i.__0vsnprintf)
    vsnprintf                                0x08001789   Thumb Code     0  printfa.o(i.__0vsnprintf)
    __scatterload_copy                       0x080017b5   Thumb Code    14  handlers.o(i.__scatterload_copy)
    __scatterload_null                       0x080017c3   Thumb Code     2  handlers.o(i.__scatterload_null)
    __scatterload_zeroinit                   0x080017c5   Thumb Code    14  handlers.o(i.__scatterload_zeroinit)
    delay_init                               0x0800209d   Thumb Code    50  delay.o(i.delay_init)
    delay_ms                                 0x080020e1   Thumb Code    72  delay.o(i.delay_ms)
    main                                     0x0800212d   Thumb Code   144  main.o(i.main)
    oled_pow                                 0x080021f9   Thumb Code    22  oled.o(i.oled_pow)
    Region$$Table$$Base                      0x0800225c   Number         0  anon$$obj.o(Region$$Table)
    Region$$Table$$Limit                     0x0800227c   Number         0  anon$$obj.o(Region$$Table)
    temp                                     0x20000000   Data           1  main.o(.data)
    humi                                     0x20000001   Data           1  main.o(.data)
    mq2                                      0x20000002   Data           1  main.o(.data)
    light                                    0x20000003   Data           1  main.o(.data)
    mq2th                                    0x20000004   Data           1  main.o(.data)
    j                                        0x20000005   Data           1  main.o(.data)
    SystemCoreClock                          0x2000000c   Data           4  system_stm32f10x.o(.data)
    AHBPrescTable                            0x20000010   Data          16  system_stm32f10x.o(.data)
    i                                        0x20000020   Data           1  usart.o(.data)
    buffdata1                                0x20000021   Data           9  usart.o(.data)
    buffdata2                                0x2000002a   Data           9  usart.o(.data)
    buffdata3                                0x20000033   Data           9  usart.o(.data)
    buffdata4                                0x2000003c   Data           9  usart.o(.data)
    buffdata5                                0x20000045   Data           9  usart.o(.data)
    usart1_rx_index                          0x2000004e   Data           2  usart.o(.data)
    usart2_rx_index                          0x20000050   Data           2  usart.o(.data)
    usart3_rx_index                          0x20000052   Data           2  usart.o(.data)
    zf                                       0x20000068   Data        1552  oled.o(.data)
    zf24                                     0x20000678   Data         396  oled.o(.data)
    hz                                       0x20000804   Data         672  oled.o(.data)
    hz_index                                 0x20000aa4   Data          43  oled.o(.data)
    zf_index                                 0x20000acf   Data          96  oled.o(.data)
    HZ                                       0x20000b30   Data           4  oled.o(.data)
    usart1_rx_buf                            0x20000b34   Data         128  usart.o(.bss)
    usart2_rx_buf                            0x20000bb4   Data         128  usart.o(.bss)
    usart3_rx_buf                            0x20000c34   Data         128  usart.o(.bss)
    __initial_sp                             0x200010b8   Data           0  startup_stm32f10x_md.o(STACK)



==============================================================================

Memory Map of the image

  Image Entry point : 0x08000101

  Load Region LR_1 (Base: 0x08000000, Size: 0x00002db0, Max: 0xffffffff, ABSOLUTE, COMPRESSED[0x000029b8])

    Execution Region ER_RO (Exec base: 0x08000000, Load base: 0x08000000, Size: 0x0000227c, Max: 0xffffffff, ABSOLUTE)

    Exec Addr    Load Addr    Size         Type   Attr      Idx    E Section Name        Object

    0x08000000   0x08000000   0x000000ec   Data   RO          403    RESET               startup_stm32f10x_md.o
    0x080000ec   0x080000ec   0x00000000   Code   RO         1127  * .ARM.Collect$$$$00000000  mc_w.l(entry.o)
    0x080000ec   0x080000ec   0x00000004   Code   RO         1160    .ARM.Collect$$$$00000001  mc_w.l(entry2.o)
    0x080000f0   0x080000f0   0x00000004   Code   RO         1163    .ARM.Collect$$$$00000004  mc_w.l(entry5.o)
    0x080000f4   0x080000f4   0x00000000   Code   RO         1165    .ARM.Collect$$$$00000008  mc_w.l(entry7b.o)
    0x080000f4   0x080000f4   0x00000000   Code   RO         1167    .ARM.Collect$$$$0000000A  mc_w.l(entry8b.o)
    0x080000f4   0x080000f4   0x00000008   Code   RO         1168    .ARM.Collect$$$$0000000B  mc_w.l(entry9a.o)
    0x080000fc   0x080000fc   0x00000000   Code   RO         1170    .ARM.Collect$$$$0000000D  mc_w.l(entry10a.o)
    0x080000fc   0x080000fc   0x00000000   Code   RO         1172    .ARM.Collect$$$$0000000F  mc_w.l(entry11a.o)
    0x080000fc   0x080000fc   0x00000004   Code   RO         1161    .ARM.Collect$$$$00002712  mc_w.l(entry2.o)
    0x08000100   0x08000100   0x00000024   Code   RO          404  * .text               startup_stm32f10x_md.o
    0x08000124   0x08000124   0x00000014   Code   RO         1130    .text               mc_w.l(strchr.o)
    0x08000138   0x08000138   0x0000002c   Code   RO         1177    .text               mc_w.l(uidiv.o)
    0x08000164   0x08000164   0x00000062   Code   RO         1179    .text               mc_w.l(uldiv.o)
    0x080001c6   0x080001c6   0x00000000   Code   RO         1181    .text               mc_w.l(iusefp.o)
    0x080001c6   0x080001c6   0x0000014e   Code   RO         1182    .text               mf_w.l(dadd.o)
    0x08000314   0x08000314   0x000000e4   Code   RO         1184    .text               mf_w.l(dmul.o)
    0x080003f8   0x080003f8   0x000000de   Code   RO         1186    .text               mf_w.l(ddiv.o)
    0x080004d6   0x080004d6   0x00000030   Code   RO         1188    .text               mf_w.l(dfixul.o)
    0x08000506   0x08000506   0x00000002   PAD
    0x08000508   0x08000508   0x00000030   Code   RO         1190    .text               mf_w.l(cdrcmple.o)
    0x08000538   0x08000538   0x00000024   Code   RO         1192    .text               mc_w.l(init.o)
    0x0800055c   0x0800055c   0x0000001e   Code   RO         1195    .text               mc_w.l(llshl.o)
    0x0800057a   0x0800057a   0x00000020   Code   RO         1197    .text               mc_w.l(llushr.o)
    0x0800059a   0x0800059a   0x00000024   Code   RO         1199    .text               mc_w.l(llsshr.o)
    0x080005be   0x080005be   0x000000ba   Code   RO         1202    .text               mf_w.l(depilogue.o)
    0x08000678   0x08000678   0x00000056   Code   RO         1212    .text               mc_w.l(__dczerorl2.o)
    0x080006ce   0x080006ce   0x00000004   Code   RO          190    i.BusFault_Handler  stm32f10x_it.o
    0x080006d2   0x080006d2   0x00000002   Code   RO          191    i.DebugMon_Handler  stm32f10x_it.o
    0x080006d4   0x080006d4   0x00000018   Code   RO          938    i.GB16_NUM          oled.o
    0x080006ec   0x080006ec   0x00000116   Code   RO          414    i.GPIO_Init         stm32f10x_gpio.o
    0x08000802   0x08000802   0x00000012   Code   RO          418    i.GPIO_ReadInputDataBit  stm32f10x_gpio.o
    0x08000814   0x08000814   0x00000004   Code   RO          192    i.HardFault_Handler  stm32f10x_it.o
    0x08000818   0x08000818   0x0000000e   Code   RO          939    i.IIC_Delay         oled.o
    0x08000826   0x08000826   0x00000002   PAD
    0x08000828   0x08000828   0x00000040   Code   RO          940    i.IIC_GPIO_Config   oled.o
    0x08000868   0x08000868   0x00000034   Code   RO          941    i.IIC_Start         oled.o
    0x0800089c   0x0800089c   0x00000024   Code   RO          942    i.IIC_Stop          oled.o
    0x080008c0   0x080008c0   0x00000048   Code   RO          943    i.IIC_WaitAck       oled.o
    0x08000908   0x08000908   0x00000028   Code   RO         1108    i.KEY_Init          key.o
    0x08000930   0x08000930   0x0000005c   Code   RO         1096    i.LED_GPIO_Init     led.o
    0x0800098c   0x0800098c   0x00000004   Code   RO          193    i.MemManage_Handler  stm32f10x_it.o
    0x08000990   0x08000990   0x00000002   Code   RO          194    i.NMI_Handler       stm32f10x_it.o
    0x08000992   0x08000992   0x00000002   PAD
    0x08000994   0x08000994   0x00000070   Code   RO          522    i.NVIC_Init         misc.o
    0x08000a04   0x08000a04   0x0000000a   Code   RO          944    i.OLED_Clear        oled.o
    0x08000a0e   0x08000a0e   0x0000003a   Code   RO          948    i.OLED_Fill         oled.o
    0x08000a48   0x08000a48   0x000000b8   Code   RO          949    i.OLED_Init         oled.o
    0x08000b00   0x08000b00   0x0000002e   Code   RO          952    i.OLED_Set_Pos      oled.o
    0x08000b2e   0x08000b2e   0x00000002   PAD
    0x08000b30   0x08000b30   0x00000130   Code   RO          953    i.OLED_ShowCH       oled.o
    0x08000c60   0x08000c60   0x0000006c   Code   RO          954    i.OLED_ShowChar     oled.o
    0x08000ccc   0x08000ccc   0x00000090   Code   RO          956    i.OLED_ShowNum      oled.o
    0x08000d5c   0x08000d5c   0x00000002   Code   RO          195    i.PendSV_Handler    stm32f10x_it.o
    0x08000d5e   0x08000d5e   0x00000002   PAD
    0x08000d60   0x08000d60   0x00000020   Code   RO          560    i.RCC_APB1PeriphClockCmd  stm32f10x_rcc.o
    0x08000d80   0x08000d80   0x00000020   Code   RO          562    i.RCC_APB2PeriphClockCmd  stm32f10x_rcc.o
    0x08000da0   0x08000da0   0x000000d4   Code   RO          570    i.RCC_GetClocksFreq  stm32f10x_rcc.o
    0x08000e74   0x08000e74   0x00000002   Code   RO          196    i.SVC_Handler       stm32f10x_it.o
    0x08000e76   0x08000e76   0x00000008   Code   RO          253    i.SetSysClock       system_stm32f10x.o
    0x08000e7e   0x08000e7e   0x00000002   PAD
    0x08000e80   0x08000e80   0x000000e0   Code   RO          254    i.SetSysClockTo72   system_stm32f10x.o
    0x08000f60   0x08000f60   0x00000028   Code   RO          526    i.SysTick_CLKSourceConfig  misc.o
    0x08000f88   0x08000f88   0x00000002   Code   RO          197    i.SysTick_Handler   stm32f10x_it.o
    0x08000f8a   0x08000f8a   0x00000002   PAD
    0x08000f8c   0x08000f8c   0x00000060   Code   RO          256    i.SystemInit        system_stm32f10x.o
    0x08000fec   0x08000fec   0x000001c8   Code   RO          316    i.USART1_IRQHandler  usart.o
    0x080011b4   0x080011b4   0x00000134   Code   RO          317    i.USART2_IRQHandler  usart.o
    0x080012e8   0x080012e8   0x0000006c   Code   RO          318    i.USART3_IRQHandler  usart.o
    0x08001354   0x08001354   0x0000001e   Code   RO          759    i.USART_ClearITPendingBit  stm32f10x_usart.o
    0x08001372   0x08001372   0x00000018   Code   RO          762    i.USART_Cmd         stm32f10x_usart.o
    0x0800138a   0x0800138a   0x0000001a   Code   RO          765    i.USART_GetFlagStatus  stm32f10x_usart.o
    0x080013a4   0x080013a4   0x00000054   Code   RO          766    i.USART_GetITStatus  stm32f10x_usart.o
    0x080013f8   0x080013f8   0x0000004a   Code   RO          768    i.USART_ITConfig    stm32f10x_usart.o
    0x08001442   0x08001442   0x00000002   PAD
    0x08001444   0x08001444   0x000000d8   Code   RO          769    i.USART_Init        stm32f10x_usart.o
    0x0800151c   0x0800151c   0x0000000a   Code   RO          776    i.USART_ReceiveData  stm32f10x_usart.o
    0x08001526   0x08001526   0x00000008   Code   RO          779    i.USART_SendData    stm32f10x_usart.o
    0x0800152e   0x0800152e   0x00000004   Code   RO          198    i.UsageFault_Handler  stm32f10x_it.o
    0x08001532   0x08001532   0x00000002   PAD
    0x08001534   0x08001534   0x000000b0   Code   RO          319    i.Usart1_Init       usart.o
    0x080015e4   0x080015e4   0x000000ac   Code   RO          320    i.Usart2_Init       usart.o
    0x08001690   0x08001690   0x00000046   Code   RO          322    i.UsartPrintf       usart.o
    0x080016d6   0x080016d6   0x00000002   PAD
    0x080016d8   0x080016d8   0x00000058   Code   RO          957    i.Write_IIC_Byte    oled.o
    0x08001730   0x08001730   0x0000002c   Code   RO          958    i.Write_IIC_Command  oled.o
    0x0800175c   0x0800175c   0x0000002c   Code   RO          959    i.Write_IIC_Data    oled.o
    0x08001788   0x08001788   0x0000002c   Code   RO         1138    i.__0vsnprintf      mc_w.l(printfa.o)
    0x080017b4   0x080017b4   0x0000000e   Code   RO         1206    i.__scatterload_copy  mc_w.l(handlers.o)
    0x080017c2   0x080017c2   0x00000002   Code   RO         1207    i.__scatterload_null  mc_w.l(handlers.o)
    0x080017c4   0x080017c4   0x0000000e   Code   RO         1208    i.__scatterload_zeroinit  mc_w.l(handlers.o)
    0x080017d2   0x080017d2   0x00000002   PAD
    0x080017d4   0x080017d4   0x00000184   Code   RO         1140    i._fp_digits        mc_w.l(printfa.o)
    0x08001958   0x08001958   0x000006dc   Code   RO         1141    i._printf_core      mc_w.l(printfa.o)
    0x08002034   0x08002034   0x00000024   Code   RO         1142    i._printf_post_padding  mc_w.l(printfa.o)
    0x08002058   0x08002058   0x0000002e   Code   RO         1143    i._printf_pre_padding  mc_w.l(printfa.o)
    0x08002086   0x08002086   0x00000016   Code   RO         1144    i._snputc           mc_w.l(printfa.o)
    0x0800209c   0x0800209c   0x00000044   Code   RO          132    i.delay_init        delay.o
    0x080020e0   0x080020e0   0x0000004c   Code   RO          133    i.delay_ms          delay.o
    0x0800212c   0x0800212c   0x000000cc   Code   RO            1    i.main              main.o
    0x080021f8   0x080021f8   0x00000016   Code   RO          960    i.oled_pow          oled.o
    0x0800220e   0x0800220e   0x00000002   PAD
    0x08002210   0x08002210   0x0000004c   Data   RO            2    .conststring        main.o
    0x0800225c   0x0800225c   0x00000020   Data   RO         1204    Region$$Table       anon$$obj.o


    Execution Region ER_RW (Exec base: 0x20000000, Load base: 0x0800227c, Size: 0x00000b34, Max: 0xffffffff, ABSOLUTE, COMPRESSED[0x0000073c])

    Exec Addr    Load Addr    Size         Type   Attr      Idx    E Section Name        Object

    0x20000000   COMPRESSED   0x00000006   Data   RW            3    .data               main.o
    0x20000006   COMPRESSED   0x00000004   Data   RW          136    .data               delay.o
    0x2000000a   COMPRESSED   0x00000002   PAD
    0x2000000c   COMPRESSED   0x00000014   Data   RW          257    .data               system_stm32f10x.o
    0x20000020   COMPRESSED   0x00000034   Data   RW          325    .data               usart.o
    0x20000054   COMPRESSED   0x00000014   Data   RW          590    .data               stm32f10x_rcc.o
    0x20000068   COMPRESSED   0x00000acc   Data   RW          962    .data               oled.o


    Execution Region ER_ZI (Exec base: 0x20000b34, Load base: 0x080029b8, Size: 0x00000584, Max: 0xffffffff, ABSOLUTE)

    Exec Addr    Load Addr    Size         Type   Attr      Idx    E Section Name        Object

    0x20000b34        -       0x00000180   Zero   RW          324    .bss                usart.o
    0x20000cb4   0x080029b8   0x00000004   PAD
    0x20000cb8        -       0x00000400   Zero   RW          401    STACK               startup_stm32f10x_md.o


==============================================================================

Image component sizes


      Code (inc. data)   RO Data    RW Data    ZI Data      Debug   Object Name

       144         22          0          4          0     204764   delay.o
        40          6          0          0          0        519   key.o
        92         12          0          0          0        552   led.o
       204         60         76          6          0     230417   main.o
       152         12          0          0          0       1654   misc.o
      1314         82          0       2764          0      11614   oled.o
        36          8        236          0       1024        832   startup_stm32f10x_md.o
       296          0          0          0          0       2696   stm32f10x_gpio.o
        26          0          0          0          0       4038   stm32f10x_it.o
       276         32          0         20          0       4626   stm32f10x_rcc.o
       472          6          0          0          0       7143   stm32f10x_usart.o
         0          0          0          0          0         32   sys.o
       328         28          0         20          0       2277   system_stm32f10x.o
      1290        100          0         52        384       6426   usart.o

    ----------------------------------------------------------------------
      4690        368        344       2868       1412     477590   Object Totals
         0          0         32          0          0          0   (incl. Generated)
        20          0          0          2          4          0   (incl. Padding)

    ----------------------------------------------------------------------

      Code (inc. data)   RO Data    RW Data    ZI Data      Debug   Library Member Name

        86          0          0          0          0          0   __dczerorl2.o
         0          0          0          0          0          0   entry.o
         0          0          0          0          0          0   entry10a.o
         0          0          0          0          0          0   entry11a.o
         8          4          0          0          0          0   entry2.o
         4          0          0          0          0          0   entry5.o
         0          0          0          0          0          0   entry7b.o
         0          0          0          0          0          0   entry8b.o
         8          4          0          0          0          0   entry9a.o
        30          0          0          0          0          0   handlers.o
        36          8          0          0          0         68   init.o
         0          0          0          0          0          0   iusefp.o
        30          0          0          0          0         68   llshl.o
        36          0          0          0          0         68   llsshr.o
        32          0          0          0          0         68   llushr.o
      2292         84          0          0          0        516   printfa.o
        20          0          0          0          0         68   strchr.o
        44          0          0          0          0         80   uidiv.o
        98          0          0          0          0         92   uldiv.o
        48          0          0          0          0         68   cdrcmple.o
       334          0          0          0          0        148   dadd.o
       222          0          0          0          0        100   ddiv.o
       186          0          0          0          0        176   depilogue.o
        48          0          0          0          0         68   dfixul.o
       228          0          0          0          0         96   dmul.o

    ----------------------------------------------------------------------
      3794        100          0          0          0       1684   Library Totals
         4          0          0          0          0          0   (incl. Padding)

    ----------------------------------------------------------------------

      Code (inc. data)   RO Data    RW Data    ZI Data      Debug   Library Name

      2724        100          0          0          0       1028   mc_w.l
      1066          0          0          0          0        656   mf_w.l

    ----------------------------------------------------------------------
      3794        100          0          0          0       1684   Library Totals

    ----------------------------------------------------------------------

==============================================================================


      Code (inc. data)   RO Data    RW Data    ZI Data      Debug   

      8484        468        344       2868       1412     475970   Grand Totals
      8484        468        344       1852       1412     475970   ELF Image Totals (compressed)
      8484        468        344       1852          0          0   ROM Totals

==============================================================================

    Total RO  Size (Code + RO Data)                 8828 (   8.62kB)
    Total RW  Size (RW Data + ZI Data)              4280 (   4.18kB)
    Total ROM Size (Code + RO Data + RW Data)      10680 (  10.43kB)

==============================================================================

